--------------------------------------------------------------------------------------
Timing Analyzer Summary
--------------------------------------------------------------------------------------

Type           : Worst-case tsu
Slack          : N/A
Required Time  : None
Actual Time    : 6.941 ns
From           : LD/CNT
To             : lpm_ff0:inst2|lpm_ff:lpm_ff_component|dffs[15]
From Clock     : --
To Clock       : CLK
Failed Paths   : 0

Type           : Worst-case tco
Slack          : N/A
Required Time  : None
Actual Time    : 11.709 ns
From           : lpm_ff0:inst2|lpm_ff:lpm_ff_component|dffs[11]
To             : q[11]
From Clock     : CLK
To Clock       : --
Failed Paths   : 0

Type           : Worst-case tpd
Slack          : N/A
Required Time  : None
Actual Time    : 14.701 ns
From           : LD/CNT
To             : q[11]
From Clock     : --
To Clock       : --
Failed Paths   : 0

Type           : Worst-case th
Slack          : N/A
Required Time  : None
Actual Time    : -4.204 ns
From           : D[0]
To             : lpm_ff0:inst2|lpm_ff:lpm_ff_component|dffs[0]
From Clock     : --
To Clock       : CLK
Failed Paths   : 0

Type           : Clock Setup: 'CLK'
Slack          : N/A
Required Time  : None
Actual Time    : 269.40 MHz ( period = 3.712 ns )
From           : lpm_ff0:inst2|lpm_ff:lpm_ff_component|dffs[3]
To             : lpm_ff0:inst2|lpm_ff:lpm_ff_component|dffs[15]
From Clock     : CLK
To Clock       : CLK
Failed Paths   : 0

Type           : Total number of failed paths
Slack          : 
Required Time  : 
Actual Time    : 
From           : 
To             : 
From Clock     : 
To Clock       : 
Failed Paths   : 0

--------------------------------------------------------------------------------------

